[p3p3y00ts.xyz/index.html]
[backblue.gif]
[fade.gif]
[index.html]
[p3p3y00ts.xyz/css/bootstrap.min.css]
[p3p3y00ts.xyz/css/grayscale.css]
[p3p3y00ts.xyz/font-awesome/css/font-awesome.min.css]
[p3p3y00ts.xyz/img/logo.png]
[p3p3y00ts.xyz/img/p3p3y00ts.gif]
[p3p3y00ts.xyz/js/ethers.js]
[p3p3y00ts.xyz/js/jquery.js]
[p3p3y00ts.xyz/js/bootstrap.min.js]
[p3p3y00ts.xyz/js/jquery.easing.min.js]
[p3p3y00ts.xyz/js/grayscale.js]
[p3p3y00ts.xyz/js/P3p3Y00ts.js]
[p3p3y00ts.xyz/index.html]
[p3p3y00ts.xyz/fonts/glyphicons-halflings-regular.eot]
[p3p3y00ts.xyz/fonts/glyphicons-halflings-regulard41d.eot]
[p3p3y00ts.xyz/fonts/glyphicons-halflings-regular.woff2]
[p3p3y00ts.xyz/fonts/glyphicons-halflings-regular.woff]
[p3p3y00ts.xyz/fonts/glyphicons-halflings-regular.ttf]
[p3p3y00ts.xyz/css/bootstrap.min.css]
[p3p3y00ts.xyz/fonts/glyphicons-halflings-regular.svg]
[p3p3y00ts.xyz/fonts/glyphicons-halflings-regular.woff2]
[p3p3y00ts.xyz/img/intro-bg.jpg]
[p3p3y00ts.xyz/img/downloads-bg.jpg]
[p3p3y00ts.xyz/css/grayscale.css]
[p3p3y00ts.xyz/font-awesome/fonts/fontawesome-webfontd41d.eot]
[p3p3y00ts.xyz/font-awesome/fonts/fontawesome-webfont78ce.eot]
[p3p3y00ts.xyz/font-awesome/fonts/fontawesome-webfont78ce.woff]
[p3p3y00ts.xyz/font-awesome/fonts/fontawesome-webfont78ce.ttf]
[p3p3y00ts.xyz/font-awesome/fonts/fontawesome-webfont78ce.woff]
[p3p3y00ts.xyz/font-awesome/css/font-awesome.min.css]
[p3p3y00ts.xyz/fonts/glyphicons-halflings-regular.svg]
[p3p3y00ts.xyz/img/downloads-bg.html]
[p3p3y00ts.xyz/font-awesome/fonts/fontawesome-webfont78ce.svg]
[p3p3y00ts.xyz/font-awesome/fonts/fontawesome-webfont78ce.svg]
